
Memory Configuration

Name             Origin             Length             Attributes
.sram            0x00000020         0x00006000
.sdram           0x50000000         0x00080000
*default*        0x00000000         0xffffffff

Linker script and memory map


.text           0x00000020      0x490
                0x00000020                __start = .
 start.o(.text)
 .text          0x00000020       0xe0 start.o
                0x00000020                _start
                0x00000060                _end_vect
                0x00000060                _TEXT_BASE
                0x00000064                _bss_start_ofs
                0x00000068                _bss_end_ofs
                0x0000006c                _end_ofs
                0x000000b0                cpu_init_cp15
                0x000000f0                cpu_init_crit
 *(.text*)
 .text          0x00000100      0x134 main.o
                0x00000100                watchdog_init
                0x00000138                gpio_init
                0x000001ac                delay
                0x000001f4                main
 .text          0x00000234       0xbc syslib.o
                0x00000234                sdelay
                0x00000260                sr32
 .text          0x000002f0      0x11c uart.o
                0x000002f0                uart_init
                0x0000037c                uart_getchar
                0x000003c4                uart_putchar
 .text          0x0000040c       0xa4 clock.o
                0x0000040c                clock_init

.glue_7         0x00000000        0x0
 .glue_7        0x00000000        0x0 linker stubs

.glue_7t        0x00000000        0x0
 .glue_7t       0x00000000        0x0 linker stubs

.vfp11_veneer   0x00000000        0x0
 .vfp11_veneer  0x00000000        0x0 linker stubs

.v4_bx          0x00000000        0x0
 .v4_bx         0x00000000        0x0 linker stubs
                0x00000000                . = ALIGN (0x4)

.rodata
 *(SORT(.rodata*))
                0x00000000                . = ALIGN (0x4)

.data           0x000004b0        0x0
 *(SORT(.data*))
 .data          0x000004b0        0x0 start.o
 .data          0x000004b0        0x0 main.o
 .data          0x000004b0        0x0 syslib.o
 .data          0x000004b0        0x0 uart.o
 .data          0x000004b0        0x0 clock.o
                0x000004b0                . = ALIGN (0x4)
                0x000004b0                __image_copy_end = .
                0x000004b0                _end = .

.bss            0x50000000        0x0
                0x50000000                . = ALIGN (0x4)
                0x50000000                __bss_start = .
 *(.bss*)
 .bss           0x50000000        0x0 start.o
 .bss           0x50000000        0x0 main.o
 .bss           0x50000000        0x0 syslib.o
 .bss           0x50000000        0x0 uart.o
 .bss           0x50000000        0x0 clock.o
                0x50000000                . = ALIGN (0x4)
                0x50000000                __bss_end = .
Address of section .text set to 0x20
LOAD start.o
LOAD main.o
LOAD syslib.o
LOAD uart.o
LOAD clock.o
OUTPUT(uart_elf elf32-littlearm)

.ARM.attributes
                0x00000000       0x27
 .ARM.attributes
                0x00000000       0x1b start.o
 .ARM.attributes
                0x0000001b       0x2b main.o
 .ARM.attributes
                0x00000046       0x2b syslib.o
 .ARM.attributes
                0x00000071       0x2b uart.o
 .ARM.attributes
                0x0000009c       0x2b clock.o

.comment        0x00000000       0xa8
 .comment       0x00000000       0x2a main.o
 .comment       0x0000002a       0x2a syslib.o
 .comment       0x00000054       0x2a uart.o
 .comment       0x0000007e       0x2a clock.o

.note.GNU-stack
                0x00000000        0x0
 .note.GNU-stack
                0x00000000        0x0 main.o
 .note.GNU-stack
                0x00000000        0x0 syslib.o
 .note.GNU-stack
                0x00000000        0x0 uart.o
 .note.GNU-stack
                0x00000000        0x0 clock.o
